Archive member included to satisfy reference by file (symbol)

c:/program files (x86)/atmel/studio/7.0/toolchain/avr8/avr8-gnu-toolchain/bin/../lib/gcc/avr/4.9.2/avr51\libgcc.a(_exit.o)
                              c:/program files (x86)/atmel/studio/7.0/toolchain/avr8/avr8-gnu-toolchain/bin/../lib/gcc/avr/4.9.2/../../../../avr/lib/avr51/crtat90can128.o (exit)
c:/program files (x86)/atmel/studio/7.0/toolchain/avr8/avr8-gnu-toolchain/bin/../lib/gcc/avr/4.9.2/avr51\libgcc.a(_copy_data.o)
                              main.o (__do_copy_data)
c:/program files (x86)/atmel/studio/7.0/toolchain/avr8/avr8-gnu-toolchain/bin/../lib/gcc/avr/4.9.2/avr51\libgcc.a(_clear_bss.o)
                              main.o (__do_clear_bss)

Allocating common symbols
Common symbol       size              file

j                   0x2               main.o
i                   0x2               main.o
powerwindow_PW_Control_DRV_Y
                    0xb               powerwindow_PW_Control_DRV.o
bitonic_a           0x2               main.o
powerwindow_PW_Control_DRV_M_
                    0x2               powerwindow_PW_Control_DRV.o
powerwindow_main_inputcyclecounter_DRV
                    0x2               powerwindow_main.o
powerwindow_PW_Control_DRV_U
                    0xa               powerwindow_PW_Control_DRV.o
powerwindow_PW_Control_DR_DWork
                    0x76              powerwindow_PW_Control_DRV.o

Discarded input sections

 .data          0x00000000        0x0 c:/program files (x86)/atmel/studio/7.0/toolchain/avr8/avr8-gnu-toolchain/bin/../lib/gcc/avr/4.9.2/../../../../avr/lib/avr51/crtat90can128.o
 .bss           0x00000000        0x0 c:/program files (x86)/atmel/studio/7.0/toolchain/avr8/avr8-gnu-toolchain/bin/../lib/gcc/avr/4.9.2/../../../../avr/lib/avr51/crtat90can128.o
 .text          0x00000000        0x0 main.o
 .data          0x00000000        0x0 main.o
 .bss           0x00000000        0x0 main.o
 .text.blockInputUpdate
                0x00000000       0x42 main.o
 .text.blockMain
                0x00000000       0x20 main.o
 .data.j_inputs
                0x00000000       0x14 main.o
 .data.i_inputs
                0x00000000       0x14 main.o
 .data.bitonic_a_i_inputs
                0x00000000       0x14 main.o
 .text          0x00000000        0x0 powerwindow_const_params.o
 .data          0x00000000        0x0 powerwindow_const_params.o
 .bss           0x00000000        0x0 powerwindow_const_params.o
 .rodata.powerwindow_rtCP_pooled_6bUUQf1tASYw
                0x00000000        0xc powerwindow_const_params.o
 .debug_info    0x00000000       0x96 powerwindow_const_params.o
 .debug_abbrev  0x00000000       0x5d powerwindow_const_params.o
 .debug_aranges
                0x00000000       0x18 powerwindow_const_params.o
 .debug_line    0x00000000       0x74 powerwindow_const_params.o
 .debug_str     0x00000000      0x1e6 powerwindow_const_params.o
 .comment       0x00000000       0x31 powerwindow_const_params.o
 .text          0x00000000        0x0 powerwindow_controlexclusion.o
 .data          0x00000000        0x0 powerwindow_controlexclusion.o
 .bss           0x00000000        0x0 powerwindow_controlexclusion.o
 .text.powerwindow_controlexclusion_initialize
                0x00000000        0x2 powerwindow_controlexclusion.o
 .text.powerwindow_controlexclusion_terminate
                0x00000000        0x2 powerwindow_controlexclusion.o
 .text.powerwindow_controlexclusion_main
                0x00000000       0x82 powerwindow_controlexclusion.o
 .debug_info    0x00000000      0x12f powerwindow_controlexclusion.o
 .debug_abbrev  0x00000000       0x99 powerwindow_controlexclusion.o
 .debug_loc     0x00000000       0xeb powerwindow_controlexclusion.o
 .debug_aranges
                0x00000000       0x30 powerwindow_controlexclusion.o
 .debug_ranges  0x00000000       0x20 powerwindow_controlexclusion.o
 .debug_line    0x00000000      0x149 powerwindow_controlexclusion.o
 .debug_str     0x00000000      0x26d powerwindow_controlexclusion.o
 .comment       0x00000000       0x31 powerwindow_controlexclusion.o
 .debug_frame   0x00000000       0x58 powerwindow_controlexclusion.o
 .text          0x00000000        0x0 powerwindow_debounce.o
 .data          0x00000000        0x0 powerwindow_debounce.o
 .bss           0x00000000        0x0 powerwindow_debounce.o
 .text.powerwindow_debounce_main
                0x00000000      0x17a powerwindow_debounce.o
 .text          0x00000000        0x0 powerwindow_main.o
 .data          0x00000000        0x0 powerwindow_main.o
 .bss           0x00000000        0x0 powerwindow_main.o
 .text.powerwindow_return_DRV
                0x00000000        0xa powerwindow_main.o
 .rodata.str1.1
                0x00000000        0x8 powerwindow_main.o
 .text.powerwindow_DRV_main
                0x00000000       0x2a powerwindow_main.o
 .bss.OverrunFlag.2193
                0x00000000        0x1 powerwindow_main.o
 .text          0x00000000        0x0 powerwindow_powerwindow_control.o
 .data          0x00000000        0x0 powerwindow_powerwindow_control.o
 .bss           0x00000000        0x0 powerwindow_powerwindow_control.o
 .text.powerwindow_powerwindow_con_broadcast_ticks
                0x00000000      0x288 powerwindow_powerwindow_control.o
 .text.powerwindow_powerwindow_control_main
                0x00000000      0x142 powerwindow_powerwindow_control.o
 .text          0x00000000        0x0 powerwindow_PW_Control_DRV.o
 .data          0x00000000        0x0 powerwindow_PW_Control_DRV.o
 .bss           0x00000000        0x0 powerwindow_PW_Control_DRV.o
 .text.powerwindow_PW_Control_DRV_main
                0x00000000      0x16e powerwindow_PW_Control_DRV.o
 .text.powerwindow_PW_Control_DRV_terminate
                0x00000000        0x2 powerwindow_PW_Control_DRV.o
 .rodata.powerwindow_PW_Control_DRV_M
                0x00000000        0x2 powerwindow_PW_Control_DRV.o
 .text          0x00000000        0x0 c:/program files (x86)/atmel/studio/7.0/toolchain/avr8/avr8-gnu-toolchain/bin/../lib/gcc/avr/4.9.2/avr51\libgcc.a(_exit.o)
 .data          0x00000000        0x0 c:/program files (x86)/atmel/studio/7.0/toolchain/avr8/avr8-gnu-toolchain/bin/../lib/gcc/avr/4.9.2/avr51\libgcc.a(_exit.o)
 .bss           0x00000000        0x0 c:/program files (x86)/atmel/studio/7.0/toolchain/avr8/avr8-gnu-toolchain/bin/../lib/gcc/avr/4.9.2/avr51\libgcc.a(_exit.o)
 .text.libgcc.mul
                0x00000000        0x0 c:/program files (x86)/atmel/studio/7.0/toolchain/avr8/avr8-gnu-toolchain/bin/../lib/gcc/avr/4.9.2/avr51\libgcc.a(_exit.o)
 .text.libgcc.div
                0x00000000        0x0 c:/program files (x86)/atmel/studio/7.0/toolchain/avr8/avr8-gnu-toolchain/bin/../lib/gcc/avr/4.9.2/avr51\libgcc.a(_exit.o)
 .text.libgcc   0x00000000        0x0 c:/program files (x86)/atmel/studio/7.0/toolchain/avr8/avr8-gnu-toolchain/bin/../lib/gcc/avr/4.9.2/avr51\libgcc.a(_exit.o)
 .text.libgcc.prologue
                0x00000000        0x0 c:/program files (x86)/atmel/studio/7.0/toolchain/avr8/avr8-gnu-toolchain/bin/../lib/gcc/avr/4.9.2/avr51\libgcc.a(_exit.o)
 .text.libgcc.builtins
                0x00000000        0x0 c:/program files (x86)/atmel/studio/7.0/toolchain/avr8/avr8-gnu-toolchain/bin/../lib/gcc/avr/4.9.2/avr51\libgcc.a(_exit.o)
 .text.libgcc.fmul
                0x00000000        0x0 c:/program files (x86)/atmel/studio/7.0/toolchain/avr8/avr8-gnu-toolchain/bin/../lib/gcc/avr/4.9.2/avr51\libgcc.a(_exit.o)
 .text.libgcc.fixed
                0x00000000        0x0 c:/program files (x86)/atmel/studio/7.0/toolchain/avr8/avr8-gnu-toolchain/bin/../lib/gcc/avr/4.9.2/avr51\libgcc.a(_exit.o)
 .text          0x00000000        0x0 c:/program files (x86)/atmel/studio/7.0/toolchain/avr8/avr8-gnu-toolchain/bin/../lib/gcc/avr/4.9.2/avr51\libgcc.a(_copy_data.o)
 .data          0x00000000        0x0 c:/program files (x86)/atmel/studio/7.0/toolchain/avr8/avr8-gnu-toolchain/bin/../lib/gcc/avr/4.9.2/avr51\libgcc.a(_copy_data.o)
 .bss           0x00000000        0x0 c:/program files (x86)/atmel/studio/7.0/toolchain/avr8/avr8-gnu-toolchain/bin/../lib/gcc/avr/4.9.2/avr51\libgcc.a(_copy_data.o)
 .text.libgcc.mul
                0x00000000        0x0 c:/program files (x86)/atmel/studio/7.0/toolchain/avr8/avr8-gnu-toolchain/bin/../lib/gcc/avr/4.9.2/avr51\libgcc.a(_copy_data.o)
 .text.libgcc.div
                0x00000000        0x0 c:/program files (x86)/atmel/studio/7.0/toolchain/avr8/avr8-gnu-toolchain/bin/../lib/gcc/avr/4.9.2/avr51\libgcc.a(_copy_data.o)
 .text.libgcc   0x00000000        0x0 c:/program files (x86)/atmel/studio/7.0/toolchain/avr8/avr8-gnu-toolchain/bin/../lib/gcc/avr/4.9.2/avr51\libgcc.a(_copy_data.o)
 .text.libgcc.prologue
                0x00000000        0x0 c:/program files (x86)/atmel/studio/7.0/toolchain/avr8/avr8-gnu-toolchain/bin/../lib/gcc/avr/4.9.2/avr51\libgcc.a(_copy_data.o)
 .text.libgcc.builtins
                0x00000000        0x0 c:/program files (x86)/atmel/studio/7.0/toolchain/avr8/avr8-gnu-toolchain/bin/../lib/gcc/avr/4.9.2/avr51\libgcc.a(_copy_data.o)
 .text.libgcc.fmul
                0x00000000        0x0 c:/program files (x86)/atmel/studio/7.0/toolchain/avr8/avr8-gnu-toolchain/bin/../lib/gcc/avr/4.9.2/avr51\libgcc.a(_copy_data.o)
 .text.libgcc.fixed
                0x00000000        0x0 c:/program files (x86)/atmel/studio/7.0/toolchain/avr8/avr8-gnu-toolchain/bin/../lib/gcc/avr/4.9.2/avr51\libgcc.a(_copy_data.o)
 .text          0x00000000        0x0 c:/program files (x86)/atmel/studio/7.0/toolchain/avr8/avr8-gnu-toolchain/bin/../lib/gcc/avr/4.9.2/avr51\libgcc.a(_clear_bss.o)
 .data          0x00000000        0x0 c:/program files (x86)/atmel/studio/7.0/toolchain/avr8/avr8-gnu-toolchain/bin/../lib/gcc/avr/4.9.2/avr51\libgcc.a(_clear_bss.o)
 .bss           0x00000000        0x0 c:/program files (x86)/atmel/studio/7.0/toolchain/avr8/avr8-gnu-toolchain/bin/../lib/gcc/avr/4.9.2/avr51\libgcc.a(_clear_bss.o)
 .text.libgcc.mul
                0x00000000        0x0 c:/program files (x86)/atmel/studio/7.0/toolchain/avr8/avr8-gnu-toolchain/bin/../lib/gcc/avr/4.9.2/avr51\libgcc.a(_clear_bss.o)
 .text.libgcc.div
                0x00000000        0x0 c:/program files (x86)/atmel/studio/7.0/toolchain/avr8/avr8-gnu-toolchain/bin/../lib/gcc/avr/4.9.2/avr51\libgcc.a(_clear_bss.o)
 .text.libgcc   0x00000000        0x0 c:/program files (x86)/atmel/studio/7.0/toolchain/avr8/avr8-gnu-toolchain/bin/../lib/gcc/avr/4.9.2/avr51\libgcc.a(_clear_bss.o)
 .text.libgcc.prologue
                0x00000000        0x0 c:/program files (x86)/atmel/studio/7.0/toolchain/avr8/avr8-gnu-toolchain/bin/../lib/gcc/avr/4.9.2/avr51\libgcc.a(_clear_bss.o)
 .text.libgcc.builtins
                0x00000000        0x0 c:/program files (x86)/atmel/studio/7.0/toolchain/avr8/avr8-gnu-toolchain/bin/../lib/gcc/avr/4.9.2/avr51\libgcc.a(_clear_bss.o)
 .text.libgcc.fmul
                0x00000000        0x0 c:/program files (x86)/atmel/studio/7.0/toolchain/avr8/avr8-gnu-toolchain/bin/../lib/gcc/avr/4.9.2/avr51\libgcc.a(_clear_bss.o)
 .text.libgcc.fixed
                0x00000000        0x0 c:/program files (x86)/atmel/studio/7.0/toolchain/avr8/avr8-gnu-toolchain/bin/../lib/gcc/avr/4.9.2/avr51\libgcc.a(_clear_bss.o)

Memory Configuration

Name             Origin             Length             Attributes
text             0x00000000         0x00020000         xr
data             0x00800100         0x0000ff00         rw !x
eeprom           0x00810000         0x00010000         rw !x
fuse             0x00820000         0x00000003         rw !x
lock             0x00830000         0x00000400         rw !x
signature        0x00840000         0x00000400         rw !x
user_signatures  0x00850000         0x00000400         rw !x
*default*        0x00000000         0xffffffff

Linker script and memory map

Address of section .data set to 0x800100
LOAD c:/program files (x86)/atmel/studio/7.0/toolchain/avr8/avr8-gnu-toolchain/bin/../lib/gcc/avr/4.9.2/../../../../avr/lib/avr51/crtat90can128.o
LOAD main.o
LOAD powerwindow_const_params.o
LOAD powerwindow_controlexclusion.o
LOAD powerwindow_debounce.o
LOAD powerwindow_main.o
LOAD powerwindow_powerwindow_control.o
LOAD powerwindow_PW_Control_DRV.o
START GROUP
LOAD c:/program files (x86)/atmel/studio/7.0/toolchain/avr8/avr8-gnu-toolchain/bin/../lib/gcc/avr/4.9.2/../../../../avr/lib/avr51\libm.a
END GROUP
START GROUP
LOAD c:/program files (x86)/atmel/studio/7.0/toolchain/avr8/avr8-gnu-toolchain/bin/../lib/gcc/avr/4.9.2/avr51\libgcc.a
LOAD c:/program files (x86)/atmel/studio/7.0/toolchain/avr8/avr8-gnu-toolchain/bin/../lib/gcc/avr/4.9.2/../../../../avr/lib/avr51\libm.a
LOAD c:/program files (x86)/atmel/studio/7.0/toolchain/avr8/avr8-gnu-toolchain/bin/../lib/gcc/avr/4.9.2/../../../../avr/lib/avr51\libc.a
LOAD c:/program files (x86)/atmel/studio/7.0/toolchain/avr8/avr8-gnu-toolchain/bin/../lib/gcc/avr/4.9.2/../../../../avr/lib/avr51\libat90can128.a
END GROUP
                0x00020000                __TEXT_REGION_LENGTH__ = DEFINED (__TEXT_REGION_LENGTH__)?__TEXT_REGION_LENGTH__:0x20000
                0x0000ff00                __DATA_REGION_LENGTH__ = DEFINED (__DATA_REGION_LENGTH__)?__DATA_REGION_LENGTH__:0xff00
                0x00010000                __EEPROM_REGION_LENGTH__ = DEFINED (__EEPROM_REGION_LENGTH__)?__EEPROM_REGION_LENGTH__:0x10000
                [0x00000003]                __FUSE_REGION_LENGTH__ = DEFINED (__FUSE_REGION_LENGTH__)?__FUSE_REGION_LENGTH__:0x400
                0x00000400                __LOCK_REGION_LENGTH__ = DEFINED (__LOCK_REGION_LENGTH__)?__LOCK_REGION_LENGTH__:0x400
                0x00000400                __SIGNATURE_REGION_LENGTH__ = DEFINED (__SIGNATURE_REGION_LENGTH__)?__SIGNATURE_REGION_LENGTH__:0x400
                0x00000400                __USER_SIGNATURE_REGION_LENGTH__ = DEFINED (__USER_SIGNATURE_REGION_LENGTH__)?__USER_SIGNATURE_REGION_LENGTH__:0x400

.hash
 *(.hash)

.dynsym
 *(.dynsym)

.dynstr
 *(.dynstr)

.gnu.version
 *(.gnu.version)

.gnu.version_d
 *(.gnu.version_d)

.gnu.version_r
 *(.gnu.version_r)

.rel.init
 *(.rel.init)

.rela.init
 *(.rela.init)

.rel.text
 *(.rel.text)
 *(.rel.text.*)
 *(.rel.gnu.linkonce.t*)

.rela.text
 *(.rela.text)
 *(.rela.text.*)
 *(.rela.gnu.linkonce.t*)

.rel.fini
 *(.rel.fini)

.rela.fini
 *(.rela.fini)

.rel.rodata
 *(.rel.rodata)
 *(.rel.rodata.*)
 *(.rel.gnu.linkonce.r*)

.rela.rodata
 *(.rela.rodata)
 *(.rela.rodata.*)
 *(.rela.gnu.linkonce.r*)

.rel.data
 *(.rel.data)
 *(.rel.data.*)
 *(.rel.gnu.linkonce.d*)

.rela.data
 *(.rela.data)
 *(.rela.data.*)
 *(.rela.gnu.linkonce.d*)

.rel.ctors
 *(.rel.ctors)

.rela.ctors
 *(.rela.ctors)

.rel.dtors
 *(.rel.dtors)

.rela.dtors
 *(.rela.dtors)

.rel.got
 *(.rel.got)

.rela.got
 *(.rela.got)

.rel.bss
 *(.rel.bss)

.rela.bss
 *(.rela.bss)

.rel.plt
 *(.rel.plt)

.rela.plt
 *(.rela.plt)

.text           0x00000000      0x446
 *(.vectors)
 .vectors       0x00000000       0x94 c:/program files (x86)/atmel/studio/7.0/toolchain/avr8/avr8-gnu-toolchain/bin/../lib/gcc/avr/4.9.2/../../../../avr/lib/avr51/crtat90can128.o
                0x00000000                __vector_default
                0x00000000                __vectors
 *(.vectors)
 *(.progmem.gcc*)
                0x00000094                . = ALIGN (0x2)
                0x00000094                __trampolines_start = .
 *(.trampolines)
 .trampolines   0x00000094        0x0 linker stubs
 *(.trampolines*)
                0x00000094                __trampolines_end = .
 *libprintf_flt.a:*(.progmem.data)
 *libc.a:*(.progmem.data)
 *(.progmem*)
                0x00000094                . = ALIGN (0x2)
 *(.jumptables)
 *(.jumptables*)
 *(.lowtext)
 *(.lowtext*)
                0x00000094                __ctors_start = .
 *(.ctors)
                0x00000094                __ctors_end = .
                0x00000094                __dtors_start = .
 *(.dtors)
                0x00000094                __dtors_end = .
 SORT(*)(.ctors)
 SORT(*)(.dtors)
 *(.init0)
 .init0         0x00000094        0x0 c:/program files (x86)/atmel/studio/7.0/toolchain/avr8/avr8-gnu-toolchain/bin/../lib/gcc/avr/4.9.2/../../../../avr/lib/avr51/crtat90can128.o
                0x00000094                __init
 *(.init0)
 *(.init1)
 *(.init1)
 *(.init2)
 .init2         0x00000094        0xc c:/program files (x86)/atmel/studio/7.0/toolchain/avr8/avr8-gnu-toolchain/bin/../lib/gcc/avr/4.9.2/../../../../avr/lib/avr51/crtat90can128.o
 *(.init2)
 *(.init3)
 *(.init3)
 *(.init4)
 .init4         0x000000a0       0x1a c:/program files (x86)/atmel/studio/7.0/toolchain/avr8/avr8-gnu-toolchain/bin/../lib/gcc/avr/4.9.2/avr51\libgcc.a(_copy_data.o)
                0x000000a0                __do_copy_data
 .init4         0x000000ba       0x10 c:/program files (x86)/atmel/studio/7.0/toolchain/avr8/avr8-gnu-toolchain/bin/../lib/gcc/avr/4.9.2/avr51\libgcc.a(_clear_bss.o)
                0x000000ba                __do_clear_bss
 *(.init4)
 *(.init5)
 *(.init5)
 *(.init6)
 *(.init6)
 *(.init7)
 *(.init7)
 *(.init8)
 *(.init8)
 *(.init9)
 .init9         0x000000ca        0x4 c:/program files (x86)/atmel/studio/7.0/toolchain/avr8/avr8-gnu-toolchain/bin/../lib/gcc/avr/4.9.2/../../../../avr/lib/avr51/crtat90can128.o
 *(.init9)
 *(.text)
 .text          0x000000ce        0x2 c:/program files (x86)/atmel/studio/7.0/toolchain/avr8/avr8-gnu-toolchain/bin/../lib/gcc/avr/4.9.2/../../../../avr/lib/avr51/crtat90can128.o
                0x000000ce                __vector_22
                0x000000ce                __vector_28
                0x000000ce                __vector_1
                0x000000ce                __vector_32
                0x000000ce                __vector_34
                0x000000ce                __vector_24
                0x000000ce                __vector_12
                0x000000ce                __bad_interrupt
                0x000000ce                __vector_6
                0x000000ce                __vector_31
                0x000000ce                __vector_35
                0x000000ce                __vector_3
                0x000000ce                __vector_23
                0x000000ce                __vector_30
                0x000000ce                __vector_25
                0x000000ce                __vector_11
                0x000000ce                __vector_13
                0x000000ce                __vector_17
                0x000000ce                __vector_19
                0x000000ce                __vector_7
                0x000000ce                __vector_27
                0x000000ce                __vector_5
                0x000000ce                __vector_33
                0x000000ce                __vector_4
                0x000000ce                __vector_9
                0x000000ce                __vector_21
                0x000000ce                __vector_15
                0x000000ce                __vector_36
                0x000000ce                __vector_29
                0x000000ce                __vector_8
                0x000000ce                __vector_26
                0x000000ce                __vector_14
                0x000000ce                __vector_10
                0x000000ce                __vector_16
                0x000000ce                __vector_18
                0x000000ce                __vector_20
                0x000000d0                . = ALIGN (0x2)
 *(.text.*)
 .text.benchmarkBlock
                0x000000d0       0x2a main.o
                0x000000d0                benchmarkBlock
 .text.main     0x000000fa       0x18 main.o
                0x000000fa                main
 .text.__vector_2
                0x00000112       0x56 main.o
                0x00000112                __vector_2
 .text.powerwindow_debounce_Init
                0x00000168       0x10 powerwindow_debounce.o
                0x00000168                powerwindow_debounce_Init
 .text.powerwindow_debounce_Start
                0x00000178        0xc powerwindow_debounce.o
                0x00000178                powerwindow_debounce_Start
 .text.powerwindow_debounce_initialize
                0x00000184       0x24 powerwindow_debounce.o
                0x00000184                powerwindow_debounce_initialize
 .text.powerwindow_init_DRV
                0x000001a8       0x72 powerwindow_main.o
                0x000001a8                powerwindow_init_DRV
 .text.powerwindow_initialize_DRV
                0x0000021a        0xc powerwindow_main.o
                0x0000021a                powerwindow_initialize_DRV
 .text.powerwindow_powerwindow_control_Init
                0x00000226       0x3c powerwindow_powerwindow_control.o
                0x00000226                powerwindow_powerwindow_control_Init
 .text.powerwindow_powerwindow_control_Start
                0x00000262        0xc powerwindow_powerwindow_control.o
                0x00000262                powerwindow_powerwindow_control_Start
 .text.powerwindow_powerwindow_control_initialize
                0x0000026e       0x2a powerwindow_powerwindow_control.o
                0x0000026e                powerwindow_powerwindow_control_initialize
 .text.powerwindow_PW_Control_DRV_initialize
                0x00000298      0x1aa powerwindow_PW_Control_DRV.o
                0x00000298                powerwindow_PW_Control_DRV_initialize
                0x00000442                . = ALIGN (0x2)
 *(.fini9)
 .fini9         0x00000442        0x0 c:/program files (x86)/atmel/studio/7.0/toolchain/avr8/avr8-gnu-toolchain/bin/../lib/gcc/avr/4.9.2/avr51\libgcc.a(_exit.o)
                0x00000442                _exit
                0x00000442                exit
 *(.fini9)
 *(.fini8)
 *(.fini8)
 *(.fini7)
 *(.fini7)
 *(.fini6)
 *(.fini6)
 *(.fini5)
 *(.fini5)
 *(.fini4)
 *(.fini4)
 *(.fini3)
 *(.fini3)
 *(.fini2)
 *(.fini2)
 *(.fini1)
 *(.fini1)
 *(.fini0)
 .fini0         0x00000442        0x4 c:/program files (x86)/atmel/studio/7.0/toolchain/avr8/avr8-gnu-toolchain/bin/../lib/gcc/avr/4.9.2/avr51\libgcc.a(_exit.o)
 *(.fini0)
                0x00000446                _etext = .

.data           0x00800100        0x0 load address 0x00000446
                0x00800100                PROVIDE (__data_start, .)
 *(.data)
 *(.data*)
 *(.rodata)
 *(.rodata*)
 *(.gnu.linkonce.d*)
                0x00800100                . = ALIGN (0x2)
                0x00800100                _edata = .
                0x00800100                PROVIDE (__data_end, .)

.bss            0x00800100       0x95
                0x00800100                PROVIDE (__bss_start, .)
 *(.bss)
 *(.bss*)
 *(COMMON)
 COMMON         0x00800100        0x6 main.o
                0x00800100                j
                0x00800102                i
                0x00800104                bitonic_a
 COMMON         0x00800106        0x2 powerwindow_main.o
                0x00800106                powerwindow_main_inputcyclecounter_DRV
 COMMON         0x00800108       0x8d powerwindow_PW_Control_DRV.o
                0x00800108                powerwindow_PW_Control_DRV_Y
                0x00800113                powerwindow_PW_Control_DRV_M_
                0x00800115                powerwindow_PW_Control_DRV_U
                0x0080011f                powerwindow_PW_Control_DR_DWork
                0x00800195                PROVIDE (__bss_end, .)
                0x00000446                __data_load_start = LOADADDR (.data)
                0x00000446                __data_load_end = (__data_load_start + SIZEOF (.data))

.noinit         0x00800195        0x0
                [!provide]                PROVIDE (__noinit_start, .)
 *(.noinit*)
                [!provide]                PROVIDE (__noinit_end, .)
                0x00800195                _end = .
                [!provide]                PROVIDE (__heap_start, .)

.eeprom         0x00810000        0x0
 *(.eeprom*)
                0x00810000                __eeprom_end = .

.fuse
 *(.fuse)
 *(.lfuse)
 *(.hfuse)
 *(.efuse)

.lock
 *(.lock*)

.signature
 *(.signature*)

.user_signatures
 *(.user_signatures*)

.stab
 *(.stab)

.stabstr
 *(.stabstr)

.stab.excl
 *(.stab.excl)

.stab.exclstr
 *(.stab.exclstr)

.stab.index
 *(.stab.index)

.stab.indexstr
 *(.stab.indexstr)

.comment        0x00000000       0x30
 *(.comment)
 .comment       0x00000000       0x30 main.o
                                 0x31 (size before relaxing)
 .comment       0x00000030       0x31 powerwindow_debounce.o
 .comment       0x00000030       0x31 powerwindow_main.o
 .comment       0x00000030       0x31 powerwindow_powerwindow_control.o
 .comment       0x00000030       0x31 powerwindow_PW_Control_DRV.o

.note.gnu.avr.deviceinfo
                0x00000000       0x40
 .note.gnu.avr.deviceinfo
                0x00000000       0x40 c:/program files (x86)/atmel/studio/7.0/toolchain/avr8/avr8-gnu-toolchain/bin/../lib/gcc/avr/4.9.2/../../../../avr/lib/avr51/crtat90can128.o

.note.gnu.build-id
 *(.note.gnu.build-id)

.debug
 *(.debug)

.line
 *(.line)

.debug_srcinfo
 *(.debug_srcinfo)

.debug_sfnames
 *(.debug_sfnames)

.debug_aranges  0x00000000      0x120
 *(.debug_aranges)
 .debug_aranges
                0x00000000       0x40 main.o
 .debug_aranges
                0x00000040       0x38 powerwindow_debounce.o
 .debug_aranges
                0x00000078       0x38 powerwindow_main.o
 .debug_aranges
                0x000000b0       0x40 powerwindow_powerwindow_control.o
 .debug_aranges
                0x000000f0       0x30 powerwindow_PW_Control_DRV.o

.debug_pubnames
 *(.debug_pubnames)

.debug_info     0x00000000     0x276a
 *(.debug_info .gnu.linkonce.wi.*)
 .debug_info    0x00000000      0xa2d c:/program files (x86)/atmel/studio/7.0/toolchain/avr8/avr8-gnu-toolchain/bin/../lib/gcc/avr/4.9.2/../../../../avr/lib/avr51/crtat90can128.o
 .debug_info    0x00000a2d      0x229 main.o
 .debug_info    0x00000c56      0x2fe powerwindow_debounce.o
 .debug_info    0x00000f54      0x277 powerwindow_main.o
 .debug_info    0x000011cb      0x57b powerwindow_powerwindow_control.o
 .debug_info    0x00001746     0x1024 powerwindow_PW_Control_DRV.o

.debug_abbrev   0x00000000      0xf7e
 *(.debug_abbrev)
 .debug_abbrev  0x00000000      0x9a0 c:/program files (x86)/atmel/studio/7.0/toolchain/avr8/avr8-gnu-toolchain/bin/../lib/gcc/avr/4.9.2/../../../../avr/lib/avr51/crtat90can128.o
 .debug_abbrev  0x000009a0      0x144 main.o
 .debug_abbrev  0x00000ae4       0xe2 powerwindow_debounce.o
 .debug_abbrev  0x00000bc6      0x125 powerwindow_main.o
 .debug_abbrev  0x00000ceb      0x156 powerwindow_powerwindow_control.o
 .debug_abbrev  0x00000e41      0x13d powerwindow_PW_Control_DRV.o

.debug_line     0x00000000      0xebc
 *(.debug_line .debug_line.* .debug_line_end)
 .debug_line    0x00000000       0x1a c:/program files (x86)/atmel/studio/7.0/toolchain/avr8/avr8-gnu-toolchain/bin/../lib/gcc/avr/4.9.2/../../../../avr/lib/avr51/crtat90can128.o
 .debug_line    0x0000001a      0x176 main.o
 .debug_line    0x00000190      0x262 powerwindow_debounce.o
 .debug_line    0x000003f2      0x244 powerwindow_main.o
 .debug_line    0x00000636      0x58d powerwindow_powerwindow_control.o
 .debug_line    0x00000bc3      0x2f9 powerwindow_PW_Control_DRV.o

.debug_frame    0x00000000      0x338
 *(.debug_frame)
 .debug_frame   0x00000000       0xb8 main.o
 .debug_frame   0x000000b8       0x88 powerwindow_debounce.o
 .debug_frame   0x00000140       0x54 powerwindow_main.o
 .debug_frame   0x00000194      0x108 powerwindow_powerwindow_control.o
 .debug_frame   0x0000029c       0x9c powerwindow_PW_Control_DRV.o

.debug_str      0x00000000      0xfaf
 *(.debug_str)
 .debug_str     0x00000000      0x39f c:/program files (x86)/atmel/studio/7.0/toolchain/avr8/avr8-gnu-toolchain/bin/../lib/gcc/avr/4.9.2/../../../../avr/lib/avr51/crtat90can128.o
 .debug_str     0x0000039f      0x238 main.o
                                0x27f (size before relaxing)
 .debug_str     0x000005d7      0x255 powerwindow_debounce.o
                                0x3e3 (size before relaxing)
 .debug_str     0x0000082c      0x19d powerwindow_main.o
                                0x3ce (size before relaxing)
 .debug_str     0x000009c9      0x360 powerwindow_powerwindow_control.o
                                0x5b2 (size before relaxing)
 .debug_str     0x00000d29      0x286 powerwindow_PW_Control_DRV.o
                                0x927 (size before relaxing)

.debug_loc      0x00000000      0xac9
 *(.debug_loc)
 .debug_loc     0x00000000      0x144 main.o
 .debug_loc     0x00000144      0x266 powerwindow_debounce.o
 .debug_loc     0x000003aa      0x60c powerwindow_powerwindow_control.o
 .debug_loc     0x000009b6      0x113 powerwindow_PW_Control_DRV.o

.debug_macinfo
 *(.debug_macinfo)

.debug_weaknames
 *(.debug_weaknames)

.debug_funcnames
 *(.debug_funcnames)

.debug_typenames
 *(.debug_typenames)

.debug_varnames
 *(.debug_varnames)

.debug_pubtypes
 *(.debug_pubtypes)

.debug_ranges   0x00000000       0xd0
 *(.debug_ranges)
 .debug_ranges  0x00000000       0x30 main.o
 .debug_ranges  0x00000030       0x28 powerwindow_debounce.o
 .debug_ranges  0x00000058       0x28 powerwindow_main.o
 .debug_ranges  0x00000080       0x30 powerwindow_powerwindow_control.o
 .debug_ranges  0x000000b0       0x20 powerwindow_PW_Control_DRV.o

.debug_macro
 *(.debug_macro)
OUTPUT(PW_DRV_90can1282.elf elf32-avr)
LOAD linker stubs
